============================= test session starts =============================
platform win32 -- Python 3.12.10, pytest-9.1.0, pluggy-1.6.0 -- D:\Agent-Alpha\.venv312\Scripts\python.exe
cachedir: .pytest_cache
rootdir: D:\Agent-Alpha
configfile: pyproject.toml
plugins: anyio-4.14.0
collecting ... collected 179 items

tests/PROTECTED/test_proto_contract.py::test_engagement_state_values PASSED [  0%]
tests/PROTECTED/test_proto_contract.py::test_phase_status_values PASSED  [  1%]
tests/PROTECTED/test_proto_contract.py::test_a2a_message_instantiates PASSED [  1%]
tests/PROTECTED/test_proto_contract.py::test_handoff_payload_roundtrip PASSED [  2%]
tests/PROTECTED/test_proto_contract.py::test_auth_transition_sow_hash_optional PASSED [  2%]
tests/PROTECTED/test_proto_contract.py::test_no_per_agent_handoff_types PASSED [  3%]
tests/phase_0/test_authorization.py::test_create_engagement_state_created PASSED [  3%]
tests/phase_0/test_authorization.py::test_enable_recon_valid_scope PASSED [  4%]
tests/phase_0/test_authorization.py::test_enable_recon_invalid_cidr PASSED [  5%]
tests/phase_0/test_authorization.py::test_enable_recon_too_many_ips PASSED [  5%]
tests/phase_0/test_authorization.py::test_enable_active_without_recon_raises PASSED [  6%]
tests/phase_0/test_authorization.py::test_enable_active_after_recon PASSED [  6%]
tests/phase_0/test_authorization.py::test_enable_offensive_valid_sow PASSED [  7%]
tests/phase_0/test_authorization.py::test_enable_offensive_empty_sow_raises PASSED [  7%]
tests/phase_0/test_authorization.py::test_emergency_stop_from_any_state PASSED [  8%]
tests/phase_0/test_authorization.py::test_emergency_stop_idempotent PASSED [  8%]
tests/phase_0/test_authorization.py::test_alpha_can_proceed_recon PASSED [  9%]
tests/phase_0/test_authorization.py::test_gamma_cannot_proceed_active PASSED [ 10%]
tests/phase_0/test_authorization.py::test_gamma_can_proceed_offensive PASSED [ 10%]
tests/phase_0/test_authorization.py::test_no_agent_proceeds_emergency_stop PASSED [ 11%]
tests/phase_0/test_authorization.py::test_is_in_scope_ip_inside_range PASSED [ 11%]
tests/phase_0/test_authorization.py::test_is_in_scope_ip_excluded PASSED [ 12%]
tests/phase_0/test_authorization.py::test_event_callback_on_transition PASSED [ 12%]
tests/phase_0/test_authorization.py::test_sow_hash_stored_as_digest_not_raw PASSED [ 13%]
tests/phase_0/test_conductor_main.py::test_health_returns_ok PASSED      [ 13%]
tests/phase_0/test_conductor_main.py::test_create_engagement_returns_engagement_id PASSED [ 14%]
tests/phase_0/test_conductor_main.py::test_enable_recon_with_valid_scope PASSED [ 15%]
tests/phase_0/test_conductor_main.py::test_enable_recon_with_invalid_cidr_returns_400 PASSED [ 15%]
tests/phase_0/test_conductor_main.py::test_upload_sow_with_valid_pdf_returns_hash PASSED [ 16%]
tests/phase_0/test_conductor_main.py::test_upload_sow_exceeding_size_limit_returns_400 PASSED [ 16%]
tests/phase_0/test_conductor_main.py::test_emergency_stop_returns_success PASSED [ 17%]
tests/phase_0/test_conductor_main.py::test_get_state_returns_state_field PASSED [ 17%]
tests/phase_0/test_conductor_main.py::test_get_state_nonexistent_returns_404 PASSED [ 18%]
tests/phase_0/test_conductor_main.py::test_emergency_stop_then_state_returns_emergency_stop PASSED [ 18%]
tests/phase_0/test_constants.py::test_import_all_constants PASSED        [ 19%]
tests/phase_0/test_constants.py::test_emergency_stop_timeout PASSED      [ 20%]
tests/phase_0/test_constants.py::test_event_sequence_gap_allowed PASSED  [ 20%]
tests/phase_0/test_constants.py::test_llm_payload_never_includes_claude PASSED [ 21%]
tests/phase_0/test_constants.py::test_log_scrub_patterns_count PASSED    [ 21%]
tests/phase_0/test_constants.py::test_scope_always_excluded_count PASSED [ 22%]
tests/phase_0/test_constants.py::test_time_budget_equals_hard_limit PASSED [ 22%]
tests/phase_0/test_emergency.py::test_execute_with_mock_revoker_succeeds PASSED [ 23%]
tests/phase_0/test_emergency.py::test_execute_transitions_state_to_emergency_stop PASSED [ 24%]
tests/phase_0/test_emergency.py::test_execute_emits_event PASSED         [ 24%]
tests/phase_0/test_emergency.py::test_execute_with_none_revoker PASSED   [ 25%]
tests/phase_0/test_emergency.py::test_execute_twice_is_idempotent PASSED [ 25%]
tests/phase_0/test_emergency.py::test_execute_records_positive_elapsed_ms PASSED [ 26%]
tests/phase_0/test_emergency.py::test_is_stopped_true_after_execute PASSED [ 26%]
tests/phase_0/test_emergency.py::test_is_stopped_false_for_unknown_engagement PASSED [ 27%]
tests/phase_0/test_emergency.py::test_execute_with_raising_revoker_does_not_propagate PASSED [ 27%]
tests/phase_0/test_emergency.py::test_tasks_revoked_matches_mock_count PASSED [ 28%]
tests/phase_0/test_event_store.py::test_append_sets_event_type_and_agent PASSED [ 29%]
tests/phase_0/test_event_store.py::test_append_sequence_starts_at_one_and_increments PASSED [ 29%]
tests/phase_0/test_event_store.py::test_append_returns_frozen_event PASSED [ 30%]
tests/phase_0/test_event_store.py::test_get_events_returns_sequence_order PASSED [ 30%]
tests/phase_0/test_event_store.py::test_get_events_after_sequence PASSED [ 31%]
tests/phase_0/test_event_store.py::test_get_events_unknown_engagement_returns_empty PASSED [ 31%]
tests/phase_0/test_event_store.py::test_replay_returns_all_in_order PASSED [ 32%]
tests/phase_0/test_event_store.py::test_replay_validates_no_gap PASSED   [ 32%]
tests/phase_0/test_event_store.py::test_replay_detects_gap PASSED        [ 33%]
tests/phase_0/test_event_store.py::test_count_returns_correct_count PASSED [ 34%]
tests/phase_0/test_event_store.py::test_count_unknown_engagement_returns_zero PASSED [ 34%]
tests/phase_0/test_event_store.py::test_verify_immutability_identical_true PASSED [ 35%]
tests/phase_0/test_event_store.py::test_verify_immutability_tampered_false PASSED [ 35%]
tests/phase_0/test_event_store.py::test_independent_sequence_counters PASSED [ 36%]
tests/phase_0/test_event_store.py::test_append_limit_exceeded PASSED     [ 36%]
tests/phase_0/test_event_store.py::test_get_event_by_sequence PASSED     [ 37%]
tests/phase_0/test_event_store.py::test_get_event_nonexistent_sequence_returns_none PASSED [ 37%]
tests/phase_0/test_policy_enforcer.py::test_enforcer_loads_without_error PASSED [ 38%]
tests/phase_0/test_policy_enforcer.py::test_check_technique_forbidden PASSED [ 39%]
tests/phase_0/test_policy_enforcer.py::test_check_technique_allowed PASSED [ 39%]
tests/phase_0/test_policy_enforcer.py::test_check_technique_case_insensitive PASSED [ 40%]
tests/phase_0/test_policy_enforcer.py::test_check_scope_excluded PASSED  [ 40%]
tests/phase_0/test_policy_enforcer.py::test_check_scope_allowed PASSED   [ 41%]
tests/phase_0/test_policy_enforcer.py::test_get_opsec_profile PASSED     [ 41%]
tests/phase_0/test_policy_enforcer.py::test_get_opsec_profile_invalid PASSED [ 42%]
tests/phase_0/test_policy_enforcer.py::test_provider_allowed_for_payload PASSED [ 43%]
tests/phase_0/test_policy_enforcer.py::test_provider_forbidden_for_payload PASSED [ 43%]
tests/phase_0/test_policy_enforcer.py::test_provider_check_case_insensitive PASSED [ 44%]
tests/phase_0/test_policy_enforcer.py::test_kimi_26_allowed_for_payload PASSED [ 44%]
tests/phase_0/test_policy_enforcer.py::test_kimi_partial_match_not_allowed PASSED [ 45%]
tests/phase_0/test_policy_enforcer.py::test_requires_human_approval PASSED [ 45%]
tests/phase_0/test_policy_enforcer.py::test_invalid_policy_path_raises PASSED [ 46%]
tests/phase_0/test_policy_yaml.py::test_yaml_loads_cleanly PASSED        [ 46%]
tests/phase_0/test_policy_yaml.py::test_version PASSED                   [ 47%]
tests/phase_0/test_policy_yaml.py::test_always_forbidden_count PASSED    [ 48%]
tests/phase_0/test_policy_yaml.py::test_always_forbidden_includes_destructive_techniques PASSED [ 48%]
tests/phase_0/test_policy_yaml.py::test_data_destruction_not_allowed PASSED [ 49%]
tests/phase_0/test_policy_yaml.py::test_max_ips_matches_constants PASSED [ 49%]
tests/phase_0/test_policy_yaml.py::test_claude_in_forbidden_providers PASSED [ 50%]
tests/phase_0/test_policy_yaml.py::test_opsec_profile_rate_limit_ordering PASSED [ 50%]
tests/phase_0/test_policy_yaml.py::test_always_excluded_networks_match_constants PASSED [ 51%]
tests/phase_0/test_secrets.py::test_no_key_generates_valid_fernet_key PASSED [ 51%]
tests/phase_0/test_secrets.py::test_store_returns_record_with_encrypted_value PASSED [ 52%]
tests/phase_0/test_secrets.py::test_retrieve_returns_original_plaintext PASSED [ 53%]
tests/phase_0/test_secrets.py::test_encrypted_value_differs_from_plaintext_bytes PASSED [ 53%]
tests/phase_0/test_secrets.py::test_retrieve_unknown_id_raises_not_found PASSED [ 54%]
tests/phase_0/test_secrets.py::test_delete_then_retrieve_raises PASSED   [ 54%]
tests/phase_0/test_secrets.py::test_delete_nonexistent_returns_false PASSED [ 55%]
tests/phase_0/test_secrets.py::test_list_labels_returns_labels_only PASSED [ 55%]
tests/phase_0/test_secrets.py::test_list_labels_filtered_by_engagement PASSED [ 56%]
tests/phase_0/test_secrets.py::test_cross_manager_decryption_fails PASSED [ 56%]
tests/phase_0/test_secrets.py::test_scrub_removes_password_pattern PASSED [ 57%]
tests/phase_0/test_secrets.py::test_scrub_removes_bearer_token PASSED    [ 58%]
tests/phase_0/test_secrets.py::test_scrub_is_idempotent PASSED           [ 58%]
tests/phase_0/test_secrets.py::test_install_logging_filter_scrubs_records PASSED [ 59%]
tests/phase_0/test_secrets.py::test_export_key_roundtrip PASSED          [ 59%]
tests/phase_1/test_engagement_memory.py::test_project_empty_stream PASSED [ 60%]
tests/phase_1/test_engagement_memory.py::test_project_single_scratchpad_snapshot PASSED [ 60%]
tests/phase_1/test_engagement_memory.py::test_project_latest_scratchpad_wins PASSED [ 61%]
tests/phase_1/test_engagement_memory.py::test_project_idempotent PASSED  [ 62%]
tests/phase_1/test_engagement_memory.py::test_verify_projection_detects_drift PASSED [ 62%]
tests/phase_1/test_engagement_memory.py::test_project_filters_by_engagement_id PASSED [ 63%]
tests/phase_1/test_graph_store.py::test_fake_graph_store_satisfies_graph_store_protocol PASSED [ 63%]
tests/phase_1/test_graph_store.py::test_rebuild_from_events_clears_once_before_any_apply_event PASSED [ 64%]
tests/phase_1/test_graph_store.py::test_rebuild_from_events_applies_each_event_in_order PASSED [ 64%]
tests/phase_1/test_graph_store.py::test_rebuild_from_events_with_empty_event_list_still_clears PASSED [ 65%]
tests/phase_1/test_graph_store.py::test_fake_graph_store_get_node_missing_returns_none PASSED [ 65%]
tests/phase_1/test_narrative.py::test_find_critical_paths_finds_asset_to_data PASSED [ 66%]
tests/phase_1/test_narrative.py::test_find_critical_paths_no_matching_target_types PASSED [ 67%]
tests/phase_1/test_narrative.py::test_calculate_blast_radius_reaches_downstream PASSED [ 67%]
tests/phase_1/test_narrative.py::test_calculate_blast_radius_critical_when_data_reachable PASSED [ 68%]
tests/phase_1/test_narrative.py::test_calculate_blast_radius_nonexistent_node PASSED [ 68%]
tests/phase_1/test_narrative.py::test_calculate_blast_radius_terminates_on_cycle PASSED [ 69%]
tests/phase_1/test_narrative.py::test_find_attack_chains_returns_at_least_one PASSED [ 69%]
tests/phase_1/test_narrative.py::test_highest_impact_chain_selects_highest_score PASSED [ 70%]
tests/phase_1/test_narrative.py::test_highest_impact_chain_empty_store PASSED [ 70%]
tests/phase_1/test_narrative.py::test_to_narrative_executive PASSED      [ 71%]
tests/phase_1/test_narrative.py::test_to_narrative_technical PASSED      [ 72%]
tests/phase_1/test_narrative.py::test_to_narrative_remediation_no_secret PASSED [ 72%]
tests/phase_1/test_narrative.py::test_to_narrative_invalid_style PASSED  [ 73%]
tests/phase_1/test_narrative.py::test_to_narrative_deterministic PASSED  [ 73%]
tests/phase_1/test_networkx_store.py::test_node_discovered_and_get_node PASSED [ 74%]
tests/phase_1/test_networkx_store.py::test_edge_discovered_and_get_edge PASSED [ 74%]
tests/phase_1/test_networkx_store.py::test_get_node_missing_returns_none PASSED [ 75%]
tests/phase_1/test_networkx_store.py::test_get_edge_missing_returns_none PASSED [ 75%]
tests/phase_1/test_networkx_store.py::test_unknown_event_type_no_op PASSED [ 76%]
tests/phase_1/test_networkx_store.py::test_all_nodes_returns_all_added_nodes PASSED [ 77%]
tests/phase_1/test_networkx_store.py::test_nodes_by_type_filters_correctly PASSED [ 77%]
tests/phase_1/test_networkx_store.py::test_edges_by_relationship_filters_correctly PASSED [ 78%]
tests/phase_1/test_networkx_store.py::test_neighbors_returns_direct_successors_only PASSED [ 78%]
tests/phase_1/test_networkx_store.py::test_find_paths_discovers_path_through_intermediate PASSED [ 79%]
tests/phase_1/test_networkx_store.py::test_find_paths_no_path_returns_empty PASSED [ 79%]
tests/phase_1/test_networkx_store.py::test_find_paths_nonexistent_source_returns_empty PASSED [ 80%]
tests/phase_1/test_networkx_store.py::test_node_verified_sets_verified_true PASSED [ 81%]
tests/phase_1/test_networkx_store.py::test_node_verified_nonexistent_no_op PASSED [ 81%]
tests/phase_1/test_networkx_store.py::test_clear_resets_counts_to_zero PASSED [ 82%]
tests/phase_1/test_networkx_store.py::test_rebuild_from_events_end_to_end PASSED [ 82%]
tests/phase_1/test_networkx_store.py::test_networkx_import_only_in_networkx_store PASSED [ 83%]
tests/phase_1/test_nodes.py::test_asset_properties_roundtrip PASSED      [ 83%]
tests/phase_1/test_nodes.py::test_credential_properties_no_secret_key_in_output PASSED [ 84%]
tests/phase_1/test_nodes.py::test_confidence_above_one_raises PASSED     [ 84%]
tests/phase_1/test_nodes.py::test_confidence_below_zero_raises PASSED    [ 85%]
tests/phase_1/test_nodes.py::test_attack_edge_asdict PASSED              [ 86%]
tests/phase_1/test_nodes.py::test_reconstruct_unknown_type_raises_keyerror PASSED [ 86%]
tests/phase_1/test_nodes.py::test_proof_artifact_no_content_field PASSED [ 87%]
tests/phase_1/test_nodes.py::test_all_node_types_roundtrip[asset-props0] PASSED [ 87%]
tests/phase_1/test_nodes.py::test_all_node_types_roundtrip[vulnerability-props1] PASSED [ 88%]
tests/phase_1/test_nodes.py::test_all_node_types_roundtrip[credential-props2] PASSED [ 88%]
tests/phase_1/test_nodes.py::test_all_node_types_roundtrip[service-props3] PASSED [ 89%]
tests/phase_1/test_nodes.py::test_all_node_types_roundtrip[data-props4] PASSED [ 89%]
tests/phase_1/test_nodes.py::test_all_node_types_roundtrip[access_level-props5] PASSED [ 90%]
tests/phase_1/test_projectors.py::test_project_zero_events PASSED        [ 91%]
tests/phase_1/test_projectors.py::test_project_single_node_discovered PASSED [ 91%]
tests/phase_1/test_projectors.py::test_project_nodes_and_edge PASSED     [ 92%]
tests/phase_1/test_projectors.py::test_project_last_sequence_number PASSED [ 92%]
tests/phase_1/test_projectors.py::test_project_phase0_events_no_op PASSED [ 93%]
tests/phase_1/test_projectors.py::test_project_incremental_preserves_existing_graph PASSED [ 93%]
tests/phase_1/test_projectors.py::test_project_idempotent PASSED         [ 94%]
tests/phase_1/test_projectors.py::test_verify_projection_consistent PASSED [ 94%]
tests/phase_1/test_projectors.py::test_verify_projection_detects_drift PASSED [ 95%]
tests/phase_1/test_session.py::test_set_and_get_roundtrip PASSED         [ 96%]
tests/phase_1/test_session.py::test_get_nonexistent_returns_none PASSED  [ 96%]
tests/phase_1/test_session.py::test_update_scratchpad_existing_session PASSED [ 97%]
tests/phase_1/test_session.py::test_update_scratchpad_nonexistent_raises PASSED [ 97%]
tests/phase_1/test_session.py::test_delete_idempotent PASSED             [ 98%]
tests/phase_1/test_session.py::test_exists_returns_correct_status PASSED [ 98%]
tests/phase_1/test_session.py::test_snapshot_scratchpad_event PASSED     [ 99%]
tests/phase_1/test_session.py::test_snapshot_scratchpad_event_nonexistent_raises PASSED [100%]

============================== warnings summary ===============================
.venv312\Lib\site-packages\fastapi\testclient.py:1
  D:\Agent-Alpha\.venv312\Lib\site-packages\fastapi\testclient.py:1: StarletteDeprecationWarning: Using `httpx` with `starlette.testclient` is deprecated; install `httpx2` instead.
    from starlette.testclient import TestClient as TestClient  # noqa

-- Docs: https://docs.pytest.org/en/stable/how-to/capture-warnings.html
======================= 179 passed, 1 warning in 1.24s ========================
